// Jest Snapshot v1, https://goo.gl/fbAQLP

exports[`MarkDown renders correctly MarkDown renders correctly with type=Chevron fill=black and size="m" 1`] = `
.c0 > p {
  margin: 0;
}

<div
  className="c0"
>
  <p>
    It's a test task for 
    <strong>
      overgear
    </strong>
  </p>
</div>
`;
