// Jest Snapshot v1, https://goo.gl/fbAQLP

exports[`Icon renders correctly Icon renders correctly with type=Chevron fill=black and size="m" 1`] = `null`;
